Keycloak - Open Source Identity and Access Management

Find more information at: https://www.keycloak.org/docs/latest

Usage:

java -jar $KEYCLOAK_HOME/lib/quarkus-run.jar [OPTIONS] [COMMAND]

Use this command-line tool to manage your Keycloak cluster.
Make sure the command is available on your "PATH" or prefix it with "./" (e.g.:
"./java -jar $KEYCLOAK_HOME/lib/quarkus-run.jar") to execute from the current
folder.

Options:

-cf, --config-file <file>
                     Set the path to a configuration file. By default, configuration properties are
                       read from the "keycloak.properties" file in the "conf" directory.
-D<key>=<value> <sysProps>
                     Set a Java system property
-h, --help           This help message.
-pf, --profile <profile>
                     Set the profile. Use 'dev' profile to enable development mode.
-v, --verbose        Print out error details when running this command.
-V, --version        Show version information

Commands:

  build                   Creates a new and optimized server image.
  start                   Start the server.
  start-dev               Start the server in development mode.
  export                  Export data from realms to a file or directory.
  import                  Import data from a directory or a file.
  show-config             Print out the current configuration.
  tools                   %nUtilities for use and interaction with the server.
    completion            Generate bash/zsh completion script for java -jar
                            $KEYCLOAK_HOME/lib/quarkus-run.jar.

Examples:

  Start the server in development mode for local development or testing:

      $ java -jar $KEYCLOAK_HOME/lib/quarkus-run.jar start-dev

  Building an optimized server runtime:

      $ java -jar $KEYCLOAK_HOME/lib/quarkus-run.jar build <OPTIONS>

  Start the server in production mode:

      $ java -jar $KEYCLOAK_HOME/lib/quarkus-run.jar start <OPTIONS>

  Enable auto-completion to bash/zsh:

      $ source <(java -jar $KEYCLOAK_HOME/lib/quarkus-run.jar tools completion)

  Please, take a look at the documentation for more details before deploying in
production.

Use "java -jar $KEYCLOAK_HOME/lib/quarkus-run.jar start --help" for the
available options when starting the server.
Use "java -jar $KEYCLOAK_HOME/lib/quarkus-run.jar <command> --help" for more
information about other commands.